// Jest Snapshot v1, https://jestjs.io/docs/snapshot-testing

exports[`Testing adding columns should allow add new columns in a chain way 1`] = `
"┌────────┬───────────┐
│[37m [0m[01mtaskId[0m │[37m [0m[01mtaskOwner[0m │
├────────┼───────────┤
│[37m [0m[37mTASK-1[0m │[37m [0m[37m         [0m │
│[37m [0m[37m      [0m │[37m [0m[37m      Ops[0m │
└────────┴───────────┘"
`;

exports[`Testing adding columns should allow adding a complex column object with chaining 1`] = `
"┌──────────────┬─────────────┐
│[37m [0m[01mReview State[0m │[37m [0m[01mreviewOwner[0m │
├──────────────┼─────────────┤
│[37m [0m[34m  Approved  [0m │[37m [0m[37m       Dana[0m │
└──────────────┴─────────────┘"
`;

exports[`Testing adding columns should allow adding a single column 1`] = `
"┌──────────────┐
│[37m [0m[01mticketStatus[0m │
├──────────────┤
│[37m [0m[37m       Ready[0m │
└──────────────┘"
`;

exports[`Testing adding columns should allow adding columns with colors 1`] = `
"┌───────────────┐
│[37m [0m[01mcoloredColumn[0m │
├───────────────┤
│[37m [0m[31m     redValue[0m │
└───────────────┘"
`;

exports[`Testing adding columns should allow adding columns with different alignments 1`] = `
"┌─────────────┬──────────────┐
│[37m [0m[01mleftAligned[0m │[37m [0m[01mrightAligned[0m │
├─────────────┼──────────────┤
│[37m [0m[37mleft       [0m │[37m [0m[37m       right[0m │
└─────────────┴──────────────┘"
`;

exports[`Testing adding columns should allow adding multiple columns 1`] = `
"┌──────────┬──────────┐
│[37m [0m[01mtaskName[0m │[37m [0m[01mpriority[0m │
├──────────┼──────────┤
│[37m [0m[37m  Deploy[0m │[37m [0m[37m    High[0m │
└──────────┴──────────┘"
`;
