// Jest Snapshot v1, https://jestjs.io/docs/snapshot-testing

exports[`Add Column Tests: Rendering should make sure each column is what its expected to be 1`] = `
"┌──────────────┬─────────────┐
│ Review State │ reviewOwner │
├──────────────┼─────────────┤
│   Approved   │        Dana │
└──────────────┴─────────────┘"
`;

exports[`Add Column Tests: Rendering should verify addColumn with custom properties 1`] = `
"┌─────────┬──────────┐
│    task │ Duration │
├─────────┼──────────┤
│ Prepare │          │
│   Build │       45 │
└─────────┴──────────┘"
`;

exports[`Add Column Tests: Rendering should verify that addColumn preserves existing data 1`] = `
"┌─────────┬───────┬────────┐
│    task │ owner │ status │
├─────────┼───────┼────────┤
│    Docs │   Ana │        │
│     API │   Ben │        │
│ Release │   Cam │   Done │
└─────────┴───────┴────────┘"
`;
