// Jest Snapshot v1, https://jestjs.io/docs/snapshot-testing

exports[`Column Max/Min Length Tests should handle basic column maxLen 1`] = `
"┌────────────┬───────────────────────────────────────┐
│[37m [0m[01m   limited[0m │[37m [0m[01m                            unlimited[0m │
├────────────┼───────────────────────────────────────┤
│[37m [0m[37m This text[0m │[37m [0m[37m                                Short[0m │
│[37m [0m[37m is longer[0m │[37m [0m[37m                                     [0m │
│[37m [0m[37m   than 10[0m │[37m [0m[37m                                     [0m │
│[37m [0m[37m     chars[0m │[37m [0m[37m                                     [0m │
│[37m [0m[37m     Short[0m │[37m [0m[37mThis can be as long as it needs to be[0m │
└────────────┴───────────────────────────────────────┘"
`;

exports[`Column Max/Min Length Tests should handle basic column minLen 1`] = `
"┌─────────────────┬─────────────┐
│[37m [0m[01m         padded[0m │[37m [0m[01m     normal[0m │
├─────────────────┼─────────────┤
│[37m [0m[37m             Hi[0m │[37m [0m[37mNormal text[0m │
│[37m [0m[37m          Hello[0m │[37m [0m[37mAnother row[0m │
└─────────────────┴─────────────┘"
`;

exports[`Column Max/Min Length Tests should handle both maxLen and minLen together 1`] = `
"┌──────────────────────┬───────────────┐
│[37m [0m[01m         constrained[0m │[37m [0m[01m       normal[0m │
├──────────────────────┼───────────────┤
│[37m [0m[37m               Short[0m │[37m [0m[37mNormal column[0m │
│[37m [0m[37m     This is exactly[0m │[37m [0m[37m      Another[0m │
│[37m [0m[37m   twenty chars plus[0m │[37m [0m[37m             [0m │
│[37m [0m[37m                more[0m │[37m [0m[37m             [0m │
│[37m [0m[37m       Medium length[0m │[37m [0m[37m        Row 3[0m │
└──────────────────────┴───────────────┘"
`;

exports[`Column Max/Min Length Tests should handle edge case where maxLen equals text length 1`] = `
"┌────────┬─────────────────┐
│[37m [0m[01m exact[0m │[37m [0m[01m         normal[0m │
├────────┼─────────────────┤
│[37m [0m[37m 12345[0m │[37m [0m[37mExactly 5 chars[0m │
│[37m [0m[37m  1234[0m │[37m [0m[37m    Less than 5[0m │
│[37m [0m[37m123456[0m │[37m [0m[37m    More than 5[0m │
└────────┴─────────────────┘"
`;

exports[`Column Max/Min Length Tests should handle edge case where minLen equals text length 1`] = `
"┌────────┬─────────────────┐
│[37m [0m[01m exact[0m │[37m [0m[01m         normal[0m │
├────────┼─────────────────┤
│[37m [0m[37m 12345[0m │[37m [0m[37mExactly 5 chars[0m │
│[37m [0m[37m  1234[0m │[37m [0m[37m    Less than 5[0m │
│[37m [0m[37m123456[0m │[37m [0m[37m    More than 5[0m │
└────────┴─────────────────┘"
`;

exports[`Column Max/Min Length Tests should handle empty values with minLen 1`] = `
"┌────────────┬──────────────────┐
│[37m [0m[01m    padded[0m │[37m [0m[01m          normal[0m │
├────────────┼──────────────────┤
│[37m [0m[37m          [0m │[37m [0m[37m    Empty padded[0m │
│[37m [0m[37m          [0m │[37m [0m[37m     Null padded[0m │
│[37m [0m[37m          [0m │[37m [0m[37mUndefined padded[0m │
└────────────┴──────────────────┘"
`;

exports[`Column Max/Min Length Tests should handle global maxLen and minLen from table options 1`] = `
"┌──────────────┬──────────────┬──────────┐
│[37m [0m[01m        col1[0m │[37m [0m[01m        col2[0m │[37m [0m[01m    col3[0m │
├──────────────┼──────────────┼──────────┤
│[37m [0m[37m       Short[0m │[37m [0m[37m Medium text[0m │[37m [0m[37mOverride[0m │
│[37m [0m[37m     This is[0m │[37m [0m[37m          Hi[0m │[37m [0m[37m    Test[0m │
│[37m [0m[37m longer than[0m │[37m [0m[37m            [0m │[37m [0m[37m        [0m │
│[37m [0m[37m          12[0m │[37m [0m[37m            [0m │[37m [0m[37m        [0m │
│[37m [0m[37m  characters[0m │[37m [0m[37m            [0m │[37m [0m[37m        [0m │
└──────────────┴──────────────┴──────────┘"
`;

exports[`Column Max/Min Length Tests should handle maxLen with different alignments 1`] = `
"┌────────────┬────────────┬────────────┐
│[37m [0m[01mleft      [0m │[37m [0m[01m  center  [0m │[37m [0m[01m     right[0m │
├────────────┼────────────┼────────────┤
│[37m [0m[37mThis will [0m │[37m [0m[37m  Center  [0m │[37m [0m[37m     Right[0m │
│[37m [0m[37mbe wrapped[0m │[37m [0m[37m aligned  [0m │[37m [0m[37m   aligned[0m │
│[37m [0m[37mto        [0m │[37m [0m[37m   text   [0m │[37m [0m[37m      text[0m │
│[37m [0m[37mmultiple  [0m │[37m [0m[37m wrapping [0m │[37m [0m[37m  wrapping[0m │
│[37m [0m[37mlines     [0m │[37m [0m[37m          [0m │[37m [0m[37m          [0m │
│[37m [0m[37mShort     [0m │[37m [0m[37m   Mid    [0m │[37m [0m[37m       End[0m │
└────────────┴────────────┴────────────┘"
`;

exports[`Column Max/Min Length Tests should handle maxLen/minLen with colored columns 1`] = `
"┌────────────┬────────────────────┐
│[37m [0m[01m   colored[0m │[37m [0m[01m            normal[0m │
├────────────┼────────────────────┤
│[37m [0m[31m        Hi[0m │[37m [0m[37mShort colored text[0m │
│[37m [0m[31m This is a[0m │[37m [0m[37m Long colored text[0m │
│[37m [0m[31m very long[0m │[37m [0m[37m                  [0m │
│[37m [0m[31m text that[0m │[37m [0m[37m                  [0m │
│[37m [0m[31m    should[0m │[37m [0m[37m                  [0m │
│[37m [0m[31m      wrap[0m │[37m [0m[37m                  [0m │
└────────────┴────────────────────┘"
`;

exports[`Column Max/Min Length Tests should handle minLen with different alignments 1`] = `
"┌─────────────────┬─────────────────┬─────────────────┐
│[37m [0m[01mleft           [0m │[37m [0m[01m    center     [0m │[37m [0m[01m          right[0m │
├─────────────────┼─────────────────┼─────────────────┤
│[37m [0m[37mL              [0m │[37m [0m[37m       C       [0m │[37m [0m[37m              R[0m │
│[37m [0m[37mLeft           [0m │[37m [0m[37m    Center     [0m │[37m [0m[37m          Right[0m │
└─────────────────┴─────────────────┴─────────────────┘"
`;

exports[`Column Max/Min Length Tests should handle numeric values with maxLen and minLen 1`] = `
"┌──────────────────┐
│[37m [0m[01m         numbers[0m │
├──────────────────┤
│[37m [0m[37m              42[0m │
│[37m [0m[37m   3.14159265359[0m │
│[37m [0m[37m1000000000000000[0m │
│[37m [0m[37m               0[0m │
└──────────────────┘"
`;

exports[`Column Max/Min Length Tests should handle very small maxLen values 1`] = `
"┌──────┬─────────┬───────────────┐
│[37m [0m[01mtiny[0m │[37m [0m[01m  small[0m │[37m [0m[01m       normal[0m │
├──────┼─────────┼───────────────┤
│[37m [0m[37mWord[0m │[37m [0m[37mTesting[0m │[37m [0m[37mNormal column[0m │
│[37m [0m[37m   A[0m │[37m [0m[37m     OK[0m │[37m [0m[37m   Second row[0m │
└──────┴─────────┴───────────────┘"
`;
