// Jest Snapshot v1, https://jestjs.io/docs/snapshot-testing

exports[`Testing column max/min length output verification Combined maxLen and minLen verification should verify both constraints are applied correctly 1`] = `
"┌──────────────┐
│[37m [0m[01m constrained[0m │
├──────────────┤
│[37m [0m[37m          Hi[0m │
│[37m [0m[37m    Perfect8[0m │
│[37m [0m[37m     This is[0m │
│[37m [0m[37m     exactly[0m │
│[37m [0m[37m     twelve![0m │
└──────────────┘"
`;

exports[`Testing column max/min length output verification Combined maxLen and minLen verification should verify edge cases with exact length boundaries 1`] = `
"┌─────────────┐
│[37m [0m[01m      exact[0m │
├─────────────┤
│[37m [0m[37m  123456789[0m │
│[37m [0m[37m 1234567890[0m │
│[37m [0m[37m12345678901[0m │
└─────────────┘"
`;

exports[`Testing column max/min length output verification Empty and null value handling should verify empty values with length constraints 1`] = `
"┌────────────┬──────────┐
│[37m [0m[01m  required[0m │[37m [0m[01moptional[0m │
├────────────┼──────────┤
│[37m [0m[37m          [0m │[37m [0m[37m        [0m │
│[37m [0m[37m          [0m │[37m [0m[37m        [0m │
│[37m [0m[37m          [0m │[37m [0m[37m        [0m │
└────────────┴──────────┘"
`;

exports[`Testing column max/min length output verification Global vs column-specific length settings should verify column-specific settings override global settings 1`] = `
"┌─────────────────┬────────────┐
│[37m [0m[01m         global[0m │[37m [0m[01m  override[0m │
├─────────────────┼────────────┤
│[37m [0m[37m             Hi[0m │[37m [0m[37m        Hi[0m │
│[37m [0m[37m This is a very[0m │[37m [0m[37m This is a[0m │
│[37m [0m[37m      long text[0m │[37m [0m[37m very long[0m │
│[37m [0m[37m               [0m │[37m [0m[37m      text[0m │
└─────────────────┴────────────┘"
`;

exports[`Testing column max/min length output verification Header length constraints should verify headers respect column length settings 1`] = `
"┌───────────────────────┬─────────────────┐
│[37m [0m[01mvery_long_header_name[0m │[37m [0m[01m          short[0m │
├───────────────────────┼─────────────────┤
│[37m [0m[37m                 data[0m │[37m [0m[37m           data[0m │
└───────────────────────┴─────────────────┘"
`;

exports[`Testing column max/min length output verification Special characters and unicode handling should correctly handle special characters with length constraints 1`] = `
"┌────────────┐
│[37m [0m[01m   special[0m │
├────────────┤
│[37m [0m[37m      →←↑↓[0m │
│[37m [0m[37m   ✓ ✗ ≈ ≠[0m │
│[37m [0m[37m      café[0m │
│[37m [0m[37m    résumé[0m │
└────────────┘"
`;

exports[`Testing column max/min length output verification maxLen verification should verify maxLen with different data types 1`] = `
"┌─────────────────┐
│[37m [0m[01m           data[0m │
├─────────────────┤
│[37m [0m[37m   String value[0m │
│[37m [0m[37m   that is long[0m │
│[37m [0m[37m123456789012345[0m │
│[37m [0m[37m           true[0m │
│[37m [0m[37m[object Object][0m │
└─────────────────┘"
`;

exports[`Testing column max/min length output verification maxLen verification should verify text is wrapped at maxLen boundary 1`] = `
"┌────────────────────────────┐
│[37m [0m[01m                   wrapped[0m │
├────────────────────────────┤
│[37m [0m[37mabcdefghijklmnopqrstuvwxyz[0m │
└────────────────────────────┘"
`;

exports[`Testing column max/min length output verification maxLen verification should verify word breaking behavior with maxLen 1`] = `
"┌────────────┐
│[37m [0m[01m      text[0m │
├────────────┤
│[37m [0m[37m     Hello[0m │
│[37m [0m[37m     World[0m │
│[37m [0m[37m   Testing[0m │
└────────────┘"
`;

exports[`Testing column max/min length output verification minLen verification should verify minLen does not affect text longer than minLen 1`] = `
"┌────────────────┐
│[37m [0m[01m          text[0m │
├────────────────┤
│[37m [0m[37m            Hi[0m │
│[37m [0m[37m         12345[0m │
│[37m [0m[37mThis is longer[0m │
└────────────────┘"
`;

exports[`Testing column max/min length output verification minLen verification should verify minLen with different alignments 1`] = `
"┌──────────────┬──────────────┬──────────────┐
│[37m [0m[01mleft        [0m │[37m [0m[01m   center   [0m │[37m [0m[01m       right[0m │
├──────────────┼──────────────┼──────────────┤
│[37m [0m[37mL           [0m │[37m [0m[37m     C      [0m │[37m [0m[37m           R[0m │
└──────────────┴──────────────┴──────────────┘"
`;

exports[`Testing column max/min length output verification minLen verification should verify padding is added to meet minLen 1`] = `
"┌─────────────────┐
│[37m [0m[01m         padded[0m │
├─────────────────┤
│[37m [0m[37m          Short[0m │
│[37m [0m[37m              X[0m │
│[37m [0m[37m               [0m │
└─────────────────┘"
`;
