// Jest Snapshot v1, https://jestjs.io/docs/snapshot-testing

exports[`Basic Transform Functionality should apply currency transform to numbers 1`] = `
"┌──────────┬───────┐
│[37m [0m[01mitem    [0m │[37m [0m[01mprice[0m │
├──────────┼───────┤
│[37m [0m[37mCoffee  [0m │[37m [0m[37m$3.50[0m │
│[37m [0m[37mSandwich[0m │[37m [0m[37m$7.99[0m │
│[37m [0m[37mWater   [0m │[37m [0m[37m$1.00[0m │
└──────────┴───────┘"
`;

exports[`Basic Transform Functionality should apply simple string transform 1`] = `
"┌──────────┬───────────┐
│[37m [0m[01moriginal[0m │[37m [0m[01muppercase[0m │
├──────────┼───────────┤
│[37m [0m[37mhello   [0m │[37m [0m[37mHELLO    [0m │
│[37m [0m[37mworld   [0m │[37m [0m[37mWORLD    [0m │
│[37m [0m[37mtest    [0m │[37m [0m[37mTEST     [0m │
└──────────┴───────────┘"
`;

exports[`Basic Transform Functionality should apply transforms to multiple columns independently 1`] = `
"┌───────────┬──────────┬─────┐
│[37m [0m[01mfirstName[0m │[37m [0m[01mlastName[0m │[37m [0m[01mage[0m │
├───────────┼──────────┼─────┤
│[37m [0m[37m     JOHN[0m │[37m [0m[37m     doe[0m │[37m [0m[37m 30[0m │
│[37m [0m[37m     JANE[0m │[37m [0m[37m   smith[0m │[37m [0m[37m 25[0m │
│[37m [0m[37m      BOB[0m │[37m [0m[37m  wilson[0m │[37m [0m[37m 35[0m │
└───────────┴──────────┴─────┘"
`;

exports[`Basic Transform Functionality should combine transform with column colors 1`] = `
"┌─────────┬───────┬───────┐
│[37m [0m[01mstatus [0m │[37m [0m[01mcode [0m │[37m [0m[01mvalue[0m │
├─────────┼───────┼───────┤
│[37m [0m[32mSuccess[0m │[37m [0m[34m[200][0m │[37m [0m[33m 100%[0m │
│[37m [0m[32mPartial[0m │[37m [0m[34m[206][0m │[37m [0m[33m  75%[0m │
│[37m [0m[32mFailed [0m │[37m [0m[34m[500][0m │[37m [0m[33m   0%[0m │
└─────────┴───────┴───────┘"
`;

exports[`Basic Transform Functionality should handle transforms with different alignments 1`] = `
"┌───────────┬─────────────────┬────────────────────┐
│[37m [0m[01mleft     [0m │[37m [0m[01m    center     [0m │[37m [0m[01m             right[0m │
├───────────┼─────────────────┼────────────────────┤
│[37m [0m[37m<<A>>    [0m │[37m [0m[37m     ~~B~~     [0m │[37m [0m[37m             [[C]][0m │
│[37m [0m[37m<<Short>>[0m │[37m [0m[37m~~Medium Text~~[0m │[37m [0m[37m[[Very Long Text]][0m │
│[37m [0m[37m<<123>>  [0m │[37m [0m[37m    ~~456~~    [0m │[37m [0m[37m           [[789]][0m │
└───────────┴─────────────────┴────────────────────┘"
`;

exports[`Basic Transform Functionality should maintain original data when using transforms 1`] = `
"┌──────────┬─────────────────┐
│[37m [0m[01moriginal[0m │[37m [0m[01m    transformed[0m │
├──────────┼─────────────────┤
│[37m [0m[37m   data1[0m │[37m [0m[37mModified: data1[0m │
│[37m [0m[37m   data2[0m │[37m [0m[37mModified: data2[0m │
└──────────┴─────────────────┘"
`;

exports[`Basic Transform Functionality should transform boolean values to readable text 1`] = `
"┌───────────────┬─────────┐
│[37m [0m[01mfeature      [0m │[37m [0m[01menabled[0m │
├───────────────┼─────────┤
│[37m [0m[37mDark Mode    [0m │[37m [0m[37m  YES  [0m │
│[37m [0m[37mNotifications[0m │[37m [0m[37m  NO   [0m │
│[37m [0m[37mAuto-save    [0m │[37m [0m[37m  YES  [0m │
│[37m [0m[37mSync         [0m │[37m [0m[37m  NO   [0m │
└───────────────┴─────────┘"
`;

exports[`Basic Transform Functionality should work with row colors and transforms 1`] = `
"┌──────────┬─────────┐
│[37m [0m[01mid      [0m │[37m [0m[01m  score[0m │
├──────────┼─────────┤
│[37m [0m[32mPlayer 1[0m │[37m [0m[32m100 pts[0m │
│[37m [0m[34mPlayer 2[0m │[37m [0m[34m 85 pts[0m │
│[37m [0m[33mPlayer 3[0m │[37m [0m[33m 92 pts[0m │
└──────────┴─────────┘"
`;
