// Jest Snapshot v1, https://jestjs.io/docs/snapshot-testing

exports[`Testing transform functionality should allow adding columns with transformers 1`] = `
"┌──────┬──────────┐
│[37m [0m[01mname[0m │[37m [0m[01m  salary[0m │
├──────┼──────────┤
│[37m [0m[37mJohn[0m │[37m [0m[37m50000.00[0m │
│[37m [0m[37mJane[0m │[37m [0m[37m60000.50[0m │
└──────┴──────────┘"
`;

exports[`Testing transform functionality should allow adding multiple columns with different transformers 1`] = `
"┌────────────┬───────────┬─────────────┐
│[37m [0m[01m      name[0m │[37m [0m[01m   salary[0m │[37m [0m[01m department[0m │
├────────────┼───────────┼─────────────┤
│[37m [0m[37m  JOHN DOE[0m │[37m [0m[37m$50000.00[0m │[37m [0m[37mEngineering[0m │
│[37m [0m[37mJANE SMITH[0m │[37m [0m[37m$75000.50[0m │[37m [0m[37m  Marketing[0m │
└────────────┴───────────┴─────────────┘"
`;

exports[`Testing transform functionality should handle mathematical transformers correctly across multiple renders 1`] = `
"┌────────┬───────┐
│[37m [0m[01mnumber[0m │[37m [0m[01mcubed[0m │
├────────┼───────┤
│[37m [0m[37m     2[0m │[37m [0m[37m    8[0m │
│[37m [0m[37m     3[0m │[37m [0m[37m   27[0m │
│[37m [0m[37m     4[0m │[37m [0m[37m   64[0m │
└────────┴───────┘"
`;

exports[`Testing transform functionality should handle null and undefined values in transformers 1`] = `
"┌────┬─────────────────┐
│[37m [0m[01mid[0m │[37m [0m[01m          value[0m │
├────┼─────────────────┤
│[37m [0m[37m 1[0m │[37m [0m[37mFormatted: test[0m │
│[37m [0m[37m 2[0m │[37m [0m[37m            N/A[0m │
│[37m [0m[37m 3[0m │[37m [0m[37m            N/A[0m │
│[37m [0m[37m 4[0m │[37m [0m[37m            N/A[0m │
└────┴─────────────────┘"
`;

exports[`Testing transform functionality should handle number transformers with different formats 1`] = `
"┌─────────┬────────────┬────────────┐
│[37m [0m[01mdecimal[0m │[37m [0m[01mpercentage[0m │[37m [0m[01mscientific[0m │
├─────────┼────────────┼────────────┤
│[37m [0m[37m   0.25[0m │[37m [0m[37m     25.0%[0m │[37m [0m[37m   2.50e-1[0m │
│[37m [0m[37m 0.1234[0m │[37m [0m[37m     12.3%[0m │[37m [0m[37m   1.23e-1[0m │
│[37m [0m[37m    1.5[0m │[37m [0m[37m    150.0%[0m │[37m [0m[37m   1.50e+0[0m │
└─────────┴────────────┴────────────┘"
`;

exports[`Testing transform functionality should handle string transformers 1`] = `
"┌───────────────────┬─────────────────┐
│[37m [0m[01m         original[0m │[37m [0m[01m    transformed[0m │
├───────────────────┼─────────────────┤
│[37m [0m[37m      Hello World[0m │[37m [0m[37m    hello_world[0m │
│[37m [0m[37m      Test String[0m │[37m [0m[37m    test_string[0m │
│[37m [0m[37mMultiple   Spaces[0m │[37m [0m[37mmultiple_spaces[0m │
└───────────────────┴─────────────────┘"
`;

exports[`Testing transform functionality should handle transformers that return different data types 1`] = `
"┌───────┬─────────────┐
│[37m [0m[01minput[0m │[37m [0m[01mtransformed[0m │
├───────┼─────────────┤
│[37m [0m[37mhello[0m │[37m [0m[37m          5[0m │
│[37m [0m[37m   42[0m │[37m [0m[37m         84[0m │
│[37m [0m[37mworld[0m │[37m [0m[37m          5[0m │
│[37m [0m[37m  100[0m │[37m [0m[37m        200[0m │
└───────┴─────────────┘"
`;

exports[`Testing transform functionality should handle transformers with complex column configurations 1`] = `
"┌────────────────────────────┬──────────────┐
│[37m [0m[01mComplex Transformed Column[0m │[37m [0m[01msimpleColumn[0m │
├────────────────────────────┼──────────────┤
│[37m [0m[34m      *** HELLO ***       [0m │[37m [0m[37m       world[0m │
│[37m [0m[34m       *** TEST ***       [0m │[37m [0m[37m        data[0m │
└────────────────────────────┴──────────────┘"
`;

exports[`Testing transform functionality should work with chained column additions 1`] = `
"┌──────┬──────┬──────┐
│[37m [0m[01mcol1[0m │[37m [0m[01mcol2[0m │[37m [0m[01mcol3[0m │
├──────┼──────┼──────┤
│[37m [0m[37m [A][0m │[37m [0m[37m   B[0m │[37m [0m[37m {C}[0m │
│[37m [0m[37m [X][0m │[37m [0m[37m   Y[0m │[37m [0m[37m {Z}[0m │
└──────┴──────┴──────┘"
`;
